This is pdfTeX, Version 3.141592653-2.6-1.40.22 (TeX Live 2022/dev/Debian) (preloaded format=pdflatex 2026.1.31)  31 JAN 2026 18:34
entering extended mode
 restricted \write18 enabled.
 %&-line parsing enabled.
**main.tex
(./main.tex
LaTeX2e <2021-11-15> patch level 1
L3 programming layer <2022-01-21>
(/usr/share/texlive/texmf-dist/tex/latex/base/article.cls
Document Class: article 2021/10/04 v1.4n Standard LaTeX document class
(/usr/share/texlive/texmf-dist/tex/latex/base/size10.clo
File: size10.clo 2021/10/04 v1.4n Standard LaTeX file (size option)
)
\c@part=\count185
\c@section=\count186
\c@subsection=\count187
\c@subsubsection=\count188
\c@paragraph=\count189
\c@subparagraph=\count190
\c@figure=\count191
\c@table=\count192
\abovecaptionskip=\skip47
\belowcaptionskip=\skip48
\bibindent=\dimen138
)
(/usr/share/texlive/texmf-dist/tex/latex/graphics/graphicx.sty
Package: graphicx 2021/09/16 v1.2d Enhanced LaTeX Graphics (DPC,SPQR)

(/usr/share/texlive/texmf-dist/tex/latex/graphics/keyval.sty
Package: keyval 2014/10/28 v1.15 key=value parser (DPC)
\KV@toks@=\toks16
)
(/usr/share/texlive/texmf-dist/tex/latex/graphics/graphics.sty
Package: graphics 2021/03/04 v1.4d Standard LaTeX Graphics (DPC,SPQR)

(/usr/share/texlive/texmf-dist/tex/latex/graphics/trig.sty
Package: trig 2021/08/11 v1.11 sin cos tan (DPC)
)
(/usr/share/texlive/texmf-dist/tex/latex/graphics-cfg/graphics.cfg
File: graphics.cfg 2016/06/04 v1.11 sample graphics configuration
)
Package graphics Info: Driver file: pdftex.def on input line 107.

(/usr/share/texlive/texmf-dist/tex/latex/graphics-def/pdftex.def
File: pdftex.def 2020/10/05 v1.2a Graphics/color driver for pdftex
))
\Gin@req@height=\dimen139
\Gin@req@width=\dimen140
)
(/usr/share/texlive/texmf-dist/tex/latex/float/float.sty
Package: float 2001/11/08 v1.3d Float enhancements (AL)
\c@float@type=\count193
\float@exts=\toks17
\float@box=\box50
\@float@everytoks=\toks18
\@floatcapt=\box51
)
(/usr/share/texlive/texmf-dist/tex/latex/booktabs/booktabs.sty
Package: booktabs 2020/01/12 v1.61803398 Publication quality tables
\heavyrulewidth=\dimen141
\lightrulewidth=\dimen142
\cmidrulewidth=\dimen143
\belowrulesep=\dimen144
\belowbottomsep=\dimen145
\aboverulesep=\dimen146
\abovetopsep=\dimen147
\cmidrulesep=\dimen148
\cmidrulekern=\dimen149
\defaultaddspace=\dimen150
\@cmidla=\count194
\@cmidlb=\count195
\@aboverulesep=\dimen151
\@belowrulesep=\dimen152
\@thisruleclass=\count196
\@lastruleclass=\count197
\@thisrulewidth=\dimen153
)
(/usr/share/texlive/texmf-dist/tex/latex/tools/tabularx.sty
Package: tabularx 2020/01/15 v2.11c `tabularx' package (DPC)

(/usr/share/texlive/texmf-dist/tex/latex/tools/array.sty
Package: array 2021/10/04 v2.5f Tabular extension package (FMi)
\col@sep=\dimen154
\ar@mcellbox=\box52
\extrarowheight=\dimen155
\NC@list=\toks19
\extratabsurround=\skip49
\backup@length=\skip50
\ar@cellbox=\box53
)
\TX@col@width=\dimen156
\TX@old@table=\dimen157
\TX@old@col=\dimen158
\TX@target=\dimen159
\TX@delta=\dimen160
\TX@cols=\count198
\TX@ftn=\toks20
)
(/usr/share/texlive/texmf-dist/tex/latex/ragged2e/ragged2e.sty
Package: ragged2e 2021/12/15 v3.1 ragged2e Package
\CenteringLeftskip=\skip51
\RaggedLeftLeftskip=\skip52
\RaggedRightLeftskip=\skip53
\CenteringRightskip=\skip54
\RaggedLeftRightskip=\skip55
\RaggedRightRightskip=\skip56
\CenteringParfillskip=\skip57
\RaggedLeftParfillskip=\skip58
\RaggedRightParfillskip=\skip59
\JustifyingParfillskip=\skip60
\CenteringParindent=\skip61
\RaggedLeftParindent=\skip62
\RaggedRightParindent=\skip63
\JustifyingParindent=\skip64
)
(/usr/share/texlive/texmf-dist/tex/latex/amsfonts/amssymb.sty
Package: amssymb 2013/01/14 v3.01 AMS font symbols

(/usr/share/texlive/texmf-dist/tex/latex/amsfonts/amsfonts.sty
Package: amsfonts 2013/01/14 v3.01 Basic AMSFonts support
\@emptytoks=\toks21
\symAMSa=\mathgroup4
\symAMSb=\mathgroup5
LaTeX Font Info:    Redeclaring math symbol \hbar on input line 98.
LaTeX Font Info:    Overwriting math alphabet `\mathfrak' in version `bold'
(Font)                  U/euf/m/n --> U/euf/b/n on input line 106.
))
(/usr/share/texlive/texmf-dist/tex/latex/url/url.sty
\Urlmuskip=\muskip16
Package: url 2013/09/16  ver 3.4  Verb mode for urls, etc.
)
(/usr/share/texlive/texmf-dist/tex/latex/microtype/microtype.sty
Package: microtype 2021/12/10 v3.0b Micro-typographical refinements (RS)

(/usr/share/texlive/texmf-dist/tex/latex/etoolbox/etoolbox.sty
Package: etoolbox 2020/10/05 v2.5k e-TeX tools for LaTeX (JAW)
\etb@tempcnta=\count199
)
\MT@toks=\toks22
\MT@count=\count266
\MT@tempbox=\box54
LaTeX Info: Redefining \leftprotrusion on input line 1010.
LaTeX Info: Redefining \rightprotrusion on input line 1018.
LaTeX Info: Redefining \textls on input line 1173.
\MT@outer@kern=\dimen161
LaTeX Info: Redefining \textmicrotypecontext on input line 1759.
\MT@listname@count=\count267

(/usr/share/texlive/texmf-dist/tex/latex/microtype/microtype-pdftex.def
File: microtype-pdftex.def 2021/12/10 v3.0b Definitions specific to pdftex (RS)

LaTeX Info: Redefining \lsstyle on input line 897.
LaTeX Info: Redefining \lslig on input line 897.
\MT@outer@space=\skip65
)
Package microtype Info: Loading configuration file microtype.cfg.

(/usr/share/texlive/texmf-dist/tex/latex/microtype/microtype.cfg
File: microtype.cfg 2021/12/10 v3.0b microtype main configuration file (RS)
))
(/usr/share/texlive/texmf-dist/tex/latex/amsmath/amsmath.sty
Package: amsmath 2021/10/15 v2.17l AMS math features
\@mathmargin=\skip66

For additional information on amsmath, use the `?' option.
(/usr/share/texlive/texmf-dist/tex/latex/amsmath/amstext.sty
Package: amstext 2021/08/26 v2.01 AMS text

(/usr/share/texlive/texmf-dist/tex/latex/amsmath/amsgen.sty
File: amsgen.sty 1999/11/30 v2.0 generic functions
\@emptytoks=\toks23
\ex@=\dimen162
))
(/usr/share/texlive/texmf-dist/tex/latex/amsmath/amsbsy.sty
Package: amsbsy 1999/11/29 v1.2d Bold Symbols
\pmbraise@=\dimen163
)
(/usr/share/texlive/texmf-dist/tex/latex/amsmath/amsopn.sty
Package: amsopn 2021/08/26 v2.02 operator names
)
\inf@bad=\count268
LaTeX Info: Redefining \frac on input line 234.
\uproot@=\count269
\leftroot@=\count270
LaTeX Info: Redefining \overline on input line 399.
\classnum@=\count271
\DOTSCASE@=\count272
LaTeX Info: Redefining \ldots on input line 496.
LaTeX Info: Redefining \dots on input line 499.
LaTeX Info: Redefining \cdots on input line 620.
\Mathstrutbox@=\box55
\strutbox@=\box56
\big@size=\dimen164
LaTeX Font Info:    Redeclaring font encoding OML on input line 743.
LaTeX Font Info:    Redeclaring font encoding OMS on input line 744.
\macc@depth=\count273
\c@MaxMatrixCols=\count274
\dotsspace@=\muskip17
\c@parentequation=\count275
\dspbrk@lvl=\count276
\tag@help=\toks24
\row@=\count277
\column@=\count278
\maxfields@=\count279
\andhelp@=\toks25
\eqnshift@=\dimen165
\alignsep@=\dimen166
\tagshift@=\dimen167
\tagwidth@=\dimen168
\totwidth@=\dimen169
\lineht@=\dimen170
\@envbody=\toks26
\multlinegap=\skip67
\multlinetaggap=\skip68
\mathdisplay@stack=\toks27
LaTeX Info: Redefining \[ on input line 2938.
LaTeX Info: Redefining \] on input line 2939.
)
(/usr/share/texlive/texmf-dist/tex/latex/l3backend/l3backend-pdftex.def
File: l3backend-pdftex.def 2022-01-12 L3 backend support: PDF output (pdfTeX)
\l__color_backend_stack_int=\count280
\l__pdf_internal_box=\box57
)
(./main.aux)
\openout1 = `main.aux'.

LaTeX Font Info:    Checking defaults for OML/cmm/m/it on input line 21.
LaTeX Font Info:    ... okay on input line 21.
LaTeX Font Info:    Checking defaults for OMS/cmsy/m/n on input line 21.
LaTeX Font Info:    ... okay on input line 21.
LaTeX Font Info:    Checking defaults for OT1/cmr/m/n on input line 21.
LaTeX Font Info:    ... okay on input line 21.
LaTeX Font Info:    Checking defaults for T1/cmr/m/n on input line 21.
LaTeX Font Info:    ... okay on input line 21.
LaTeX Font Info:    Checking defaults for TS1/cmr/m/n on input line 21.
LaTeX Font Info:    ... okay on input line 21.
LaTeX Font Info:    Checking defaults for OMX/cmex/m/n on input line 21.
LaTeX Font Info:    ... okay on input line 21.
LaTeX Font Info:    Checking defaults for U/cmr/m/n on input line 21.
LaTeX Font Info:    ... okay on input line 21.
 (/usr/share/texlive/texmf-dist/tex/context/base/mkii/supp-pdf.mkii
[Loading MPS to PDF converter (version 2006.09.02).]
\scratchcounter=\count281
\scratchdimen=\dimen171
\scratchbox=\box58
\nofMPsegments=\count282
\nofMParguments=\count283
\everyMPshowfont=\toks28
\MPscratchCnt=\count284
\MPscratchDim=\dimen172
\MPnumerator=\count285
\makeMPintoPDFobject=\count286
\everyMPtoPDFconversion=\toks29
) (/usr/share/texlive/texmf-dist/tex/latex/epstopdf-pkg/epstopdf-base.sty
Package: epstopdf-base 2020-01-24 v2.11 Base part for package epstopdf

(/usr/share/texlive/texmf-dist/tex/generic/infwarerr/infwarerr.sty
Package: infwarerr 2019/12/03 v1.5 Providing info/warning/error messages (HO)
)
(/usr/share/texlive/texmf-dist/tex/latex/grfext/grfext.sty
Package: grfext 2019/12/03 v1.3 Manage graphics extensions (HO)

(/usr/share/texlive/texmf-dist/tex/generic/kvdefinekeys/kvdefinekeys.sty
Package: kvdefinekeys 2019-12-19 v1.6 Define keys (HO)
))
(/usr/share/texlive/texmf-dist/tex/latex/kvoptions/kvoptions.sty
Package: kvoptions 2020-10-07 v3.14 Key value format for package options (HO)

(/usr/share/texlive/texmf-dist/tex/generic/ltxcmds/ltxcmds.sty
Package: ltxcmds 2020-05-10 v1.25 LaTeX kernel commands for general use (HO)
)
(/usr/share/texlive/texmf-dist/tex/generic/kvsetkeys/kvsetkeys.sty
Package: kvsetkeys 2019/12/15 v1.18 Key value parser (HO)
))
(/usr/share/texlive/texmf-dist/tex/generic/pdftexcmds/pdftexcmds.sty
Package: pdftexcmds 2020-06-27 v0.33 Utility functions of pdfTeX for LuaTeX (HO
)

(/usr/share/texlive/texmf-dist/tex/generic/iftex/iftex.sty
Package: iftex 2020/03/06 v1.0d TeX engine tests
)
Package pdftexcmds Info: \pdf@primitive is available.
Package pdftexcmds Info: \pdf@ifprimitive is available.
Package pdftexcmds Info: \pdfdraftmode found.
)
Package epstopdf-base Info: Redefining graphics rule for `.eps' on input line 4
85.
Package grfext Info: Graphics extension search list:
(grfext)             [.pdf,.png,.jpg,.mps,.jpeg,.jbig2,.jb2,.PDF,.PNG,.JPG,.JPE
G,.JBIG2,.JB2,.eps]
(grfext)             \AppendGraphicsExtensions on input line 504.

(/usr/share/texlive/texmf-dist/tex/latex/latexconfig/epstopdf-sys.cfg
File: epstopdf-sys.cfg 2010/07/13 v1.3 Configuration of (r)epstopdf for TeX Liv
e
))
LaTeX Info: Redefining \microtypecontext on input line 21.
Package microtype Info: Applying patch `item' on input line 21.
Package microtype Info: Applying patch `toc' on input line 21.
Package microtype Info: Applying patch `eqnum' on input line 21.
Package microtype Info: Applying patch `footnote' on input line 21.
Package microtype Info: Generating PDF output.
Package microtype Info: Character protrusion enabled (level 2).
Package microtype Info: Using default protrusion set `alltext'.
Package microtype Info: Automatic font expansion enabled (level 2),
(microtype)             stretch: 20, shrink: 20, step: 1, non-selected.
Package microtype Info: Using default expansion set `alltext-nott'.
LaTeX Info: Redefining \showhyphens on input line 21.
Package microtype Info: No adjustment of tracking.
Package microtype Info: No adjustment of interword spacing.
Package microtype Info: No adjustment of character kerning.

(/usr/share/texlive/texmf-dist/tex/latex/microtype/mt-cmr.cfg
File: mt-cmr.cfg 2013/05/19 v2.2 microtype config. file: Computer Modern Roman 
(RS)
)
LaTeX Font Info:    Trying to load font information for U+msa on input line 23.


(/usr/share/texlive/texmf-dist/tex/latex/amsfonts/umsa.fd
File: umsa.fd 2013/01/14 v3.01 AMS symbols A
)
(/usr/share/texlive/texmf-dist/tex/latex/microtype/mt-msa.cfg
File: mt-msa.cfg 2006/02/04 v1.1 microtype config. file: AMS symbols (a) (RS)
)
LaTeX Font Info:    Trying to load font information for U+msb on input line 23.


(/usr/share/texlive/texmf-dist/tex/latex/amsfonts/umsb.fd
File: umsb.fd 2013/01/14 v3.01 AMS symbols B
)
(/usr/share/texlive/texmf-dist/tex/latex/microtype/mt-msb.cfg
File: mt-msb.cfg 2005/06/01 v1.0 microtype config. file: AMS symbols (b) (RS)
)
Overfull \hbox (30.281pt too wide) in paragraph at lines 23--23
 [][] 
 []

[1

{/var/lib/texmf/fonts/map/pdftex/updmap/pdftex.map}] [2] [3]
<simplified_process_diagram.png, id=19, 821.0675pt x 567.11874pt>
File: simplified_process_diagram.png Graphic file (type png)
<use simplified_process_diagram.png>
Package pdftex.def Info: simplified_process_diagram.png  used on input line 75.

(pdftex.def)             Requested size: 310.4979pt x 214.46028pt.
 [4] [5 <./simplified_process_diagram.png>]
<chaining_loras_to_achieve_incremental_fine_tuning_without_catastrophic_forgett
ing.png, id=26, 1115.16624pt x 239.89626pt>
File: chaining_loras_to_achieve_incremental_fine_tuning_without_catastrophic_fo
rgetting.png Graphic file (type png)
<use chaining_loras_to_achieve_incremental_fine_tuning_without_catastrophic_for
getting.png>
Package pdftex.def Info: chaining_loras_to_achieve_incremental_fine_tuning_with
out_catastrophic_forgetting.png  used on input line 115.
(pdftex.def)             Requested size: 345.0pt x 74.21698pt.
 [6] [7 <./chaining_loras_to_achieve_incremental_fine_tuning_without_catastroph
ic_forgetting.png>] [8] [9] [10] [11] [12] [13]
[14]
<terese_space_freed.png, id=59, 1606.0pt x 812.03375pt>
File: terese_space_freed.png Graphic file (type png)
<use terese_space_freed.png>
Package pdftex.def Info: terese_space_freed.png  used on input line 424.
(pdftex.def)             Requested size: 310.4979pt x 156.98917pt.
<miri_space_freed.png, id=60, 1606.0pt x 812.03375pt>
File: miri_space_freed.png Graphic file (type png)
<use miri_space_freed.png>
Package pdftex.def Info: miri_space_freed.png  used on input line 430.
(pdftex.def)             Requested size: 310.4979pt x 156.98917pt.
<katalin_space_freed.png, id=61, 1606.0pt x 812.03375pt>
File: katalin_space_freed.png Graphic file (type png)
<use katalin_space_freed.png>
Package pdftex.def Info: katalin_space_freed.png  used on input line 436.
(pdftex.def)             Requested size: 310.4979pt x 156.98917pt.
 [15 <./terese_space_freed.png> <./miri_space_freed.png>]
<terese_average_space_taken.png, id=66, 1606.0pt x 812.03375pt>
File: terese_average_space_taken.png Graphic file (type png)
<use terese_average_space_taken.png>
Package pdftex.def Info: terese_average_space_taken.png  used on input line 443
.
(pdftex.def)             Requested size: 310.4979pt x 156.98917pt.
<miri_average_space_taken.png, id=67, 1606.0pt x 812.03375pt>
File: miri_average_space_taken.png Graphic file (type png)
<use miri_average_space_taken.png>
Package pdftex.def Info: miri_average_space_taken.png  used on input line 449.
(pdftex.def)             Requested size: 310.4979pt x 156.98917pt.
 [16 <./katalin_space_freed.png> <./terese_average_space_taken.png>]
<katalin_average_space_taken.png, id=71, 1606.0pt x 812.03375pt>
File: katalin_average_space_taken.png Graphic file (type png)
<use katalin_average_space_taken.png>
Package pdftex.def Info: katalin_average_space_taken.png  used on input line 45
5.
(pdftex.def)             Requested size: 310.4979pt x 156.98917pt.
<terese_cumulative_composite.png, id=72, 1606.0pt x 812.03375pt>
File: terese_cumulative_composite.png Graphic file (type png)
<use terese_cumulative_composite.png>
Package pdftex.def Info: terese_cumulative_composite.png  used on input line 46
2.
(pdftex.def)             Requested size: 310.4979pt x 156.98917pt.
 [17 <./miri_average_space_taken.png> <./katalin_average_space_taken.png>]
<miri_cumulative_composite.png, id=76, 1606.0pt x 812.03375pt>
File: miri_cumulative_composite.png Graphic file (type png)
<use miri_cumulative_composite.png>
Package pdftex.def Info: miri_cumulative_composite.png  used on input line 468.

(pdftex.def)             Requested size: 310.4979pt x 156.98917pt.
<katalin_cumulative_composite.png, id=77, 1606.0pt x 812.03375pt>
File: katalin_cumulative_composite.png Graphic file (type png)
<use katalin_cumulative_composite.png>
Package pdftex.def Info: katalin_cumulative_composite.png  used on input line 4
74.
(pdftex.def)             Requested size: 310.4979pt x 156.98917pt.
 [18 <./terese_cumulative_composite.png> <./miri_cumulative_composite.png>] [19
 <./katalin_cumulative_composite.png>]
<3_dimensional_pca_cluster_map_of_all_strategies_generated_terese.png, id=85, 7
70.88pt x 359.3425pt>
File: 3_dimensional_pca_cluster_map_of_all_strategies_generated_terese.png Grap
hic file (type png)
<use 3_dimensional_pca_cluster_map_of_all_strategies_generated_terese.png>
Package pdftex.def Info: 3_dimensional_pca_cluster_map_of_all_strategies_genera
ted_terese.png  used on input line 516.
(pdftex.def)             Requested size: 310.4979pt x 144.73785pt.
 [20]
<3_dimensional_pca_cluster_map_of_all_strategies_generated_miri.png, id=89, 110
6.1325pt x 540.0175pt>
File: 3_dimensional_pca_cluster_map_of_all_strategies_generated_miri.png Graphi
c file (type png)
<use 3_dimensional_pca_cluster_map_of_all_strategies_generated_miri.png>
Package pdftex.def Info: 3_dimensional_pca_cluster_map_of_all_strategies_genera
ted_miri.png  used on input line 523.
(pdftex.def)             Requested size: 310.4979pt x 151.5829pt.
<3_dimensional_pca_cluster_map_of_all_strategies_generated_katalin.png, id=90, 
690.58pt x 345.29pt>
File: 3_dimensional_pca_cluster_map_of_all_strategies_generated_katalin.png Gra
phic file (type png)
<use 3_dimensional_pca_cluster_map_of_all_strategies_generated_katalin.png>
Package pdftex.def Info: 3_dimensional_pca_cluster_map_of_all_strategies_genera
ted_katalin.png  used on input line 530.
(pdftex.def)             Requested size: 310.4979pt x 155.24733pt.
 [21 <./3_dimensional_pca_cluster_map_of_all_strategies_generated_terese.png> <
./3_dimensional_pca_cluster_map_of_all_strategies_generated_miri.png>] [22 <./3
_dimensional_pca_cluster_map_of_all_strategies_generated_katalin.png>] [23] [24
] [25]
<terese_pass_1.png, id=114, 1606.0pt x 871.255pt>
File: terese_pass_1.png Graphic file (type png)
<use terese_pass_1.png>
Package pdftex.def Info: terese_pass_1.png  used on input line 705.
(pdftex.def)             Requested size: 310.4979pt x 168.43832pt.
 [26]
<miri_pass_1.png, id=118, 1606.0pt x 871.255pt>
File: miri_pass_1.png Graphic file (type png)
<use miri_pass_1.png>
Package pdftex.def Info: miri_pass_1.png  used on input line 712.
(pdftex.def)             Requested size: 310.4979pt x 168.43832pt.
<katalin_pass_1.png, id=119, 1606.0pt x 871.255pt>
File: katalin_pass_1.png Graphic file (type png)
<use katalin_pass_1.png>
Package pdftex.def Info: katalin_pass_1.png  used on input line 719.
(pdftex.def)             Requested size: 310.4979pt x 168.43832pt.
 [27 <./terese_pass_1.png> <./miri_pass_1.png>] [28 <./katalin_pass_1.png>]
<semantic_basin_analysis_terese.png, id=127, 1606.0pt x 636.3775pt>
File: semantic_basin_analysis_terese.png Graphic file (type png)
<use semantic_basin_analysis_terese.png>
Package pdftex.def Info: semantic_basin_analysis_terese.png  used on input line
 770.
(pdftex.def)             Requested size: 310.4979pt x 123.02983pt.
 [29]
<semantic_basin_analysis_terese_2.png, id=131, 1606.0pt x 1399.2275pt>
File: semantic_basin_analysis_terese_2.png Graphic file (type png)
<use semantic_basin_analysis_terese_2.png>
Package pdftex.def Info: semantic_basin_analysis_terese_2.png  used on input li
ne 776.
(pdftex.def)             Requested size: 276.00105pt x 240.44893pt.
<semantic_basin_analysis_miri.png, id=132, 1606.0pt x 680.5425pt>
File: semantic_basin_analysis_miri.png Graphic file (type png)
<use semantic_basin_analysis_miri.png>
Package pdftex.def Info: semantic_basin_analysis_miri.png  used on input line 7
83.
(pdftex.def)             Requested size: 310.4979pt x 131.56818pt.
 [30 <./semantic_basin_analysis_terese.png> <./semantic_basin_analysis_terese_2
.png>]
<semantic_basin_analysis_miri_2.png, id=136, 1606.0pt x 1399.2275pt>
File: semantic_basin_analysis_miri_2.png Graphic file (type png)
<use semantic_basin_analysis_miri_2.png>
Package pdftex.def Info: semantic_basin_analysis_miri_2.png  used on input line
 789.
(pdftex.def)             Requested size: 310.4979pt x 270.51039pt.
<semantic_basin_analysis_katalin.png, id=137, 1606.0pt x 593.21625pt>
File: semantic_basin_analysis_katalin.png Graphic file (type png)
<use semantic_basin_analysis_katalin.png>
Package pdftex.def Info: semantic_basin_analysis_katalin.png  used on input lin
e 796.
(pdftex.def)             Requested size: 310.4979pt x 114.68553pt.
 [31 <./semantic_basin_analysis_miri.png> <./semantic_basin_analysis_miri_2.png
>]
<semantic_basin_analysis_katalin_2.png, id=142, 1606.0pt x 1399.2275pt>
File: semantic_basin_analysis_katalin_2.png Graphic file (type png)
<use semantic_basin_analysis_katalin_2.png>
Package pdftex.def Info: semantic_basin_analysis_katalin_2.png  used on input l
ine 802.
(pdftex.def)             Requested size: 310.4979pt x 270.51039pt.
 [32 <./semantic_basin_analysis_katalin.png> <./semantic_basin_analysis_katalin
_2.png>] [33] [34]
Overfull \hbox (0.93579pt too wide) in paragraph at lines 880--881
[]\OT1/cmr/bx/n/10 (-20) Exploitative ac-tions \OT1/cmr/m/n/10 (-20) max-i-mize
 im-me-di-ate $^^A\OML/cmm/m/it/10 R\OT1/cmr/m/n/10 (-20) (\OML/cmm/m/it/10 x[]
; y[]\OT1/cmr/m/n/10 (-20) )$ by ex-e-cut-ing known-
 []

[35]
Package microtype Info: Loading generic protrusion settings for font family
(microtype)             `cmtt' (encoding: OT1).
(microtype)             For optimal results, create family-specific settings.
(microtype)             See the microtype manual for details.
 [36] [37] (./main.aux) ) 
Here is how much of TeX's memory you used:
 6009 strings out of 480247
 100348 string characters out of 5896151
 445366 words of memory out of 5000000
 23680 multiletter control sequences out of 15000+600000
 482521 words of font info for 145 fonts, out of 8000000 for 9000
 14 hyphenation exceptions out of 8191
 60i,10n,67p,1438b,362s stack positions out of 5000i,500n,10000p,200000b,80000s
 </home/jen/.texlive2021/texmf-var/fonts/pk/ljfour/jkn
appen/ec/tcrm1000.600pk> </home/jen/.texlive2021/texmf-var/fonts/pk/ljfour/jkna
ppen/ec/tcrm0800.600pk></usr/share/texlive/texmf-dist/fonts/type1/public/amsfon
ts/cm/cmbx10.pfb></usr/share/texlive/texmf-dist/fonts/type1/public/amsfonts/cm/
cmbx12.pfb></usr/share/texlive/texmf-dist/fonts/type1/public/amsfonts/cm/cmbx8.
pfb></usr/share/texlive/texmf-dist/fonts/type1/public/amsfonts/cm/cmex10.pfb></
usr/share/texlive/texmf-dist/fonts/type1/public/amsfonts/cm/cmmi10.pfb></usr/sh
are/texlive/texmf-dist/fonts/type1/public/amsfonts/cm/cmmi5.pfb></usr/share/tex
live/texmf-dist/fonts/type1/public/amsfonts/cm/cmmi7.pfb></usr/share/texlive/te
xmf-dist/fonts/type1/public/amsfonts/cm/cmr10.pfb></usr/share/texlive/texmf-dis
t/fonts/type1/public/amsfonts/cm/cmr12.pfb></usr/share/texlive/texmf-dist/fonts
/type1/public/amsfonts/cm/cmr17.pfb></usr/share/texlive/texmf-dist/fonts/type1/
public/amsfonts/cm/cmr5.pfb></usr/share/texlive/texmf-dist/fonts/type1/public/a
msfonts/cm/cmr6.pfb></usr/share/texlive/texmf-dist/fonts/type1/public/amsfonts/
cm/cmr7.pfb></usr/share/texlive/texmf-dist/fonts/type1/public/amsfonts/cm/cmr8.
pfb></usr/share/texlive/texmf-dist/fonts/type1/public/amsfonts/cm/cmsy10.pfb></
usr/share/texlive/texmf-dist/fonts/type1/public/amsfonts/cm/cmsy5.pfb></usr/sha
re/texlive/texmf-dist/fonts/type1/public/amsfonts/cm/cmsy7.pfb></usr/share/texl
ive/texmf-dist/fonts/type1/public/amsfonts/cm/cmtt10.pfb></usr/share/texlive/te
xmf-dist/fonts/type1/public/amsfonts/symbols/msbm10.pfb>
Output written on main.pdf (37 pages, 5508929 bytes).
PDF statistics:
 254 PDF objects out of 1000 (max. 8388607)
 150 compressed objects within 2 object streams
 0 named destinations out of 1000 (max. 500000)
 29300 words of extra memory for PDF output out of 29859 (max. 10000000)

